Archive member included to satisfy reference by file (symbol)

/usr/bin/../lib/gcc/arm-none-eabi/13.3.1/../../../../arm-none-eabi/lib/thumb/v7e-m+fp/hard/libc_nano.a(libc_a-exit.o)
                              /usr/bin/../lib/gcc/arm-none-eabi/13.3.1/../../../../arm-none-eabi/lib/thumb/v7e-m+fp/hard/crt0.o (exit)
/usr/bin/../lib/gcc/arm-none-eabi/13.3.1/../../../../arm-none-eabi/lib/thumb/v7e-m+fp/hard/libc_nano.a(libc_a-init.o)
                              /usr/bin/../lib/gcc/arm-none-eabi/13.3.1/../../../../arm-none-eabi/lib/thumb/v7e-m+fp/hard/crt0.o (__libc_init_array)
/usr/bin/../lib/gcc/arm-none-eabi/13.3.1/../../../../arm-none-eabi/lib/thumb/v7e-m+fp/hard/libc_nano.a(libc_a-memset.o)
                              /usr/bin/../lib/gcc/arm-none-eabi/13.3.1/../../../../arm-none-eabi/lib/thumb/v7e-m+fp/hard/crt0.o (memset)
/usr/bin/../lib/gcc/arm-none-eabi/13.3.1/../../../../arm-none-eabi/lib/thumb/v7e-m+fp/hard/libc_nano.a(libc_a-findfp.o)
                              /usr/bin/../lib/gcc/arm-none-eabi/13.3.1/../../../../arm-none-eabi/lib/thumb/v7e-m+fp/hard/libc_nano.a(libc_a-exit.o) (__stdio_exit_handler)
/usr/bin/../lib/gcc/arm-none-eabi/13.3.1/../../../../arm-none-eabi/lib/thumb/v7e-m+fp/hard/libc_nano.a(libc_a-stdio.o)
                              /usr/bin/../lib/gcc/arm-none-eabi/13.3.1/../../../../arm-none-eabi/lib/thumb/v7e-m+fp/hard/libc_nano.a(libc_a-findfp.o) (__sread)
/usr/bin/../lib/gcc/arm-none-eabi/13.3.1/../../../../arm-none-eabi/lib/thumb/v7e-m+fp/hard/libc_nano.a(libc_a-lseekr.o)
                              /usr/bin/../lib/gcc/arm-none-eabi/13.3.1/../../../../arm-none-eabi/lib/thumb/v7e-m+fp/hard/libc_nano.a(libc_a-stdio.o) (_lseek_r)
/usr/bin/../lib/gcc/arm-none-eabi/13.3.1/../../../../arm-none-eabi/lib/thumb/v7e-m+fp/hard/libc_nano.a(libc_a-readr.o)
                              /usr/bin/../lib/gcc/arm-none-eabi/13.3.1/../../../../arm-none-eabi/lib/thumb/v7e-m+fp/hard/libc_nano.a(libc_a-stdio.o) (_read_r)
/usr/bin/../lib/gcc/arm-none-eabi/13.3.1/../../../../arm-none-eabi/lib/thumb/v7e-m+fp/hard/libc_nano.a(libc_a-fwalk.o)
                              /usr/bin/../lib/gcc/arm-none-eabi/13.3.1/../../../../arm-none-eabi/lib/thumb/v7e-m+fp/hard/libc_nano.a(libc_a-findfp.o) (_fwalk_sglue)
/usr/bin/../lib/gcc/arm-none-eabi/13.3.1/../../../../arm-none-eabi/lib/thumb/v7e-m+fp/hard/libc_nano.a(libc_a-writer.o)
                              /usr/bin/../lib/gcc/arm-none-eabi/13.3.1/../../../../arm-none-eabi/lib/thumb/v7e-m+fp/hard/libc_nano.a(libc_a-stdio.o) (_write_r)
/usr/bin/../lib/gcc/arm-none-eabi/13.3.1/../../../../arm-none-eabi/lib/thumb/v7e-m+fp/hard/libc_nano.a(libc_a-lock.o)
                              /usr/bin/../lib/gcc/arm-none-eabi/13.3.1/../../../../arm-none-eabi/lib/thumb/v7e-m+fp/hard/libc_nano.a(libc_a-findfp.o) (__retarget_lock_init_recursive)
/usr/bin/../lib/gcc/arm-none-eabi/13.3.1/../../../../arm-none-eabi/lib/thumb/v7e-m+fp/hard/libc_nano.a(libc_a-fflush.o)
                              /usr/bin/../lib/gcc/arm-none-eabi/13.3.1/../../../../arm-none-eabi/lib/thumb/v7e-m+fp/hard/libc_nano.a(libc_a-findfp.o) (_fflush_r)
/usr/bin/../lib/gcc/arm-none-eabi/13.3.1/../../../../arm-none-eabi/lib/thumb/v7e-m+fp/hard/libc_nano.a(libc_a-mallocr.o)
                              /usr/bin/../lib/gcc/arm-none-eabi/13.3.1/../../../../arm-none-eabi/lib/thumb/v7e-m+fp/hard/libc_nano.a(libc_a-findfp.o) (_malloc_r)
/usr/bin/../lib/gcc/arm-none-eabi/13.3.1/../../../../arm-none-eabi/lib/thumb/v7e-m+fp/hard/libc_nano.a(libc_a-closer.o)
                              /usr/bin/../lib/gcc/arm-none-eabi/13.3.1/../../../../arm-none-eabi/lib/thumb/v7e-m+fp/hard/libc_nano.a(libc_a-stdio.o) (_close_r)
/usr/bin/../lib/gcc/arm-none-eabi/13.3.1/../../../../arm-none-eabi/lib/thumb/v7e-m+fp/hard/libc_nano.a(libc_a-reent.o)
                              /usr/bin/../lib/gcc/arm-none-eabi/13.3.1/../../../../arm-none-eabi/lib/thumb/v7e-m+fp/hard/libc_nano.a(libc_a-lseekr.o) (errno)
/usr/bin/../lib/gcc/arm-none-eabi/13.3.1/../../../../arm-none-eabi/lib/thumb/v7e-m+fp/hard/libc_nano.a(libc_a-impure.o)
                              /usr/bin/../lib/gcc/arm-none-eabi/13.3.1/../../../../arm-none-eabi/lib/thumb/v7e-m+fp/hard/libc_nano.a(libc_a-fflush.o) (_impure_ptr)
/usr/bin/../lib/gcc/arm-none-eabi/13.3.1/../../../../arm-none-eabi/lib/thumb/v7e-m+fp/hard/libc_nano.a(libc_a-mlock.o)
                              /usr/bin/../lib/gcc/arm-none-eabi/13.3.1/../../../../arm-none-eabi/lib/thumb/v7e-m+fp/hard/libc_nano.a(libc_a-mallocr.o) (__malloc_lock)
/usr/bin/../lib/gcc/arm-none-eabi/13.3.1/../../../../arm-none-eabi/lib/thumb/v7e-m+fp/hard/libc_nano.a(libc_a-sbrkr.o)
                              /usr/bin/../lib/gcc/arm-none-eabi/13.3.1/../../../../arm-none-eabi/lib/thumb/v7e-m+fp/hard/libc_nano.a(libc_a-mallocr.o) (_sbrk_r)
/usr/bin/../lib/gcc/arm-none-eabi/13.3.1/../../../../arm-none-eabi/lib/thumb/v7e-m+fp/hard/libc_nano.a(libc_a-freer.o)
[...]
Memory Configuration

Name             Origin             Length             Attributes
RAM              0x20000000         0x00050000         xrw
RAM2             0x10000000         0x00010000         xrw
FLASH            0x08000000         0x00100000         xr
*default*        0x00000000         0xffffffff

Linker script and memory map

LOAD /usr/bin/../lib/gcc/arm-none-eabi/13.3.1/thumb/v7e-m+fp/hard/crti.o
LOAD /usr/bin/../lib/gcc/arm-none-eabi/13.3.1/thumb/v7e-m+fp/hard/crtbegin.o
LOAD /usr/bin/../lib/gcc/arm-none-eabi/13.3.1/../../../../arm-none-eabi/lib/thumb/v7e-m+fp/hard/crt0.o
START GROUP
LOAD /usr/bin/../lib/gcc/arm-none-eabi/13.3.1/../../../../arm-none-eabi/lib/thumb/v7e-m+fp/hard/libc_nano.a
LOAD /usr/bin/../lib/gcc/arm-none-eabi/13.3.1/../../../../arm-none-eabi/lib/thumb/v7e-m+fp/hard/libm.a
LOAD /usr/bin/../lib/gcc/arm-none-eabi/13.3.1/../../../../arm-none-eabi/lib/thumb/v7e-m+fp/hard/libstdc++_nano.a
LOAD /usr/bin/../lib/gcc/arm-none-eabi/13.3.1/../../../../arm-none-eabi/lib/thumb/v7e-m+fp/hard/libsupc++_nano.a
END GROUP
LOAD CMakeFiles/STM32L4_I2C_DMA_debug.dir/Core/Startup/startup_stm32l4a6zgtx.s.obj
LOAD CMakeFiles/STM32L4_I2C_DMA_debug.dir/Core/Src/main.c.obj
LOAD CMakeFiles/STM32L4_I2C_DMA_debug.dir/Core/Src/stm32l4xx_hal_msp.c.obj
LOAD CMakeFiles/STM32L4_I2C_DMA_debug.dir/Core/Src/stm32l4xx_it.c.obj
LOAD CMakeFiles/STM32L4_I2C_DMA_debug.dir/Core/Src/syscalls.c.obj
LOAD CMakeFiles/STM32L4_I2C_DMA_debug.dir/Core/Src/sysmem.c.obj
LOAD CMakeFiles/STM32L4_I2C_DMA_debug.dir/Core/Src/system_stm32l4xx.c.obj
LOAD CMakeFiles/STM32L4_I2C_DMA_debug.dir/Drivers/STM32L4xx_HAL_Driver/Src/stm32l4xx_hal.c.obj
LOAD CMakeFiles/STM32L4_I2C_DMA_debug.dir/Drivers/STM32L4xx_HAL_Driver/Src/stm32l4xx_hal_cortex.c.obj
LOAD CMakeFiles/STM32L4_I2C_DMA_debug.dir/Drivers/STM32L4xx_HAL_Driver/Src/stm32l4xx_hal_dma.c.obj
LOAD CMakeFiles/STM32L4_I2C_DMA_debug.dir/Drivers/STM32L4xx_HAL_Driver/Src/stm32l4xx_hal_dma_ex.c.obj
LOAD CMakeFiles/STM32L4_I2C_DMA_debug.dir/Drivers/STM32L4xx_HAL_Driver/Src/stm32l4xx_hal_exti.c.obj
LOAD CMakeFiles/STM32L4_I2C_DMA_debug.dir/Drivers/STM32L4xx_HAL_Driver/Src/stm32l4xx_hal_flash.c.obj
LOAD CMakeFiles/STM32L4_I2C_DMA_debug.dir/Drivers/STM32L4xx_HAL_Driver/Src/stm32l4xx_hal_flash_ex.c.obj
LOAD CMakeFiles/STM32L4_I2C_DMA_debug.dir/Drivers/STM32L4xx_HAL_Driver/Src/stm32l4xx_hal_flash_ramfunc.c.obj
LOAD CMakeFiles/STM32L4_I2C_DMA_debug.dir/Drivers/STM32L4xx_HAL_Driver/Src/stm32l4xx_hal_gpio.c.obj
LOAD CMakeFiles/STM32L4_I2C_DMA_debug.dir/Drivers/STM32L4xx_HAL_Driver/Src/stm32l4xx_hal_i2c.c.obj
LOAD CMakeFiles/STM32L4_I2C_DMA_debug.dir/Drivers/STM32L4xx_HAL_Driver/Src/stm32l4xx_hal_i2c_ex.c.obj
LOAD CMakeFiles/STM32L4_I2C_DMA_debug.dir/Drivers/STM32L4xx_HAL_Driver/Src/stm32l4xx_hal_pwr.c.obj
LOAD CMakeFiles/STM32L4_I2C_DMA_debug.dir/Drivers/STM32L4xx_HAL_Driver/Src/stm32l4xx_hal_pwr_ex.c.obj
LOAD CMakeFiles/STM32L4_I2C_DMA_debug.dir/Drivers/STM32L4xx_HAL_Driver/Src/stm32l4xx_hal_rcc.c.obj
LOAD CMakeFiles/STM32L4_I2C_DMA_debug.dir/Drivers/STM32L4xx_HAL_Driver/Src/stm32l4xx_hal_rcc_ex.c.obj
LOAD CMakeFiles/STM32L4_I2C_DMA_debug.dir/Drivers/STM32L4xx_HAL_Driver/Src/stm32l4xx_ll_dma.c.obj
LOAD CMakeFiles/STM32L4_I2C_DMA_debug.dir/Drivers/STM32L4xx_HAL_Driver/Src/stm32l4xx_ll_exti.c.obj
LOAD CMakeFiles/STM32L4_I2C_DMA_debug.dir/Drivers/STM32L4xx_HAL_Driver/Src/stm32l4xx_ll_gpio.c.obj
LOAD CMakeFiles/STM32L4_I2C_DMA_debug.dir/Drivers/STM32L4xx_HAL_Driver/Src/stm32l4xx_ll_i2c.c.obj
LOAD CMakeFiles/STM32L4_I2C_DMA_debug.dir/Drivers/STM32L4xx_HAL_Driver/Src/stm32l4xx_ll_utils.c.obj
START GROUP
LOAD /usr/bin/../lib/gcc/arm-none-eabi/13.3.1/thumb/v7e-m+fp/hard/libgcc.a
LOAD /usr/bin/../lib/gcc/arm-none-eabi/13.3.1/../../../../arm-none-eabi/lib/thumb/v7e-m+fp/hard/libg_nano.a
LOAD /usr/bin/../lib/gcc/arm-none-eabi/13.3.1/../../../../arm-none-eabi/lib/thumb/v7e-m+fp/hard/libc_nano.a
END GROUP
START GROUP
LOAD /usr/bin/../lib/gcc/arm-none-eabi/13.3.1/thumb/v7e-m+fp/hard/libgcc.a
LOAD /usr/bin/../lib/gcc/arm-none-eabi/13.3.1/../../../../arm-none-eabi/lib/thumb/v7e-m+fp/hard/libc_nano.a
LOAD /usr/bin/../lib/gcc/arm-none-eabi/13.3.1/../../../../arm-none-eabi/lib/thumb/v7e-m+fp/hard/libnosys.a
END GROUP
START GROUP
LOAD /usr/bin/../lib/gcc/arm-none-eabi/13.3.1/thumb/v7e-m+fp/hard/libgcc.a
LOAD /usr/bin/../lib/gcc/arm-none-eabi/13.3.1/../../../../arm-none-eabi/lib/thumb/v7e-m+fp/hard/libc_nano.a
LOAD /usr/bin/../lib/gcc/arm-none-eabi/13.3.1/../../../../arm-none-eabi/lib/thumb/v7e-m+fp/hard/libnosys.a
END GROUP
LOAD /usr/bin/../lib/gcc/arm-none-eabi/13.3.1/thumb/v7e-m+fp/hard/crtend.o
LOAD /usr/bin/../lib/gcc/arm-none-eabi/13.3.1/thumb/v7e-m+fp/hard/crtn.o
                0x20050000                        _estack = (ORIGIN (RAM) + LENGTH (RAM))
                0x00000200                        _Min_Heap_Size = 0x200
                0x00000400                        _Min_Stack_Size = 0x400

.isr_vector     0x08000000      0x1ac
                0x08000000                        . = ALIGN (0x4)
 *(.isr_vector)
 .isr_vector    0x08000000      0x1ac CMakeFiles/STM32L4_I2C_DMA_debug.dir/Core/Startup/startup_stm32l4a6zgtx.s.obj
                0x08000000                g_pfnVectors
                0x080001ac                        . = ALIGN (0x4)

.text           0x080001ac     0x1fdc
                0x080001ac                        . = ALIGN (0x4)
 *(.text)
 .text          0x080001ac       0x10 /usr/bin/../lib/gcc/arm-none-eabi/13.3.1/../../../../arm-none-eabi/lib/thumb/v7e-m+fp/hard/libg_nano.a(libc_a-strlen.o)
                0x080001ac                strlen
 *(.text*)
 .text.deregister_tm_clones
                0x080001bc       0x1c /usr/bin/../lib/gcc/arm-none-eabi/13.3.1/thumb/v7e-m+fp/hard/crtbegin.o
 .text.register_tm_clones
                0x080001d8       0x24 /usr/bin/../lib/gcc/arm-none-eabi/13.3.1/thumb/v7e-m+fp/hard/crtbegin.o
 .text.__do_global_dtors_aux
                0x080001fc       0x28 /usr/bin/../lib/gcc/arm-none-eabi/13.3.1/thumb/v7e-m+fp/hard/crtbegin.o
 .text.frame_dummy
                0x08000224       0x24 /usr/bin/../lib/gcc/arm-none-eabi/13.3.1/thumb/v7e-m+fp/hard/crtbegin.o
 .text.__libc_init_array
                0x08000248       0x48 /usr/bin/../lib/gcc/arm-none-eabi/13.3.1/../../../../arm-none-eabi/lib/thumb/v7e-m+fp/hard/libc_nano.a(libc_a-init.o)
                0x08000248                __libc_init_array
 .text.memset   0x08000290       0x10 /usr/bin/../lib/gcc/arm-none-eabi/13.3.1/../../../../arm-none-eabi/lib/thumb/v7e-m+fp/hard/libc_nano.a(libc_a-memset.o)
                0x08000290                memset
 .text.Reset_Handler
                0x080002a0       0x50 CMakeFiles/STM32L4_I2C_DMA_debug.dir/Core/Startup/startup_stm32l4a6zgtx.s.obj
                0x080002a0                Reset_Handler
 .text.Default_Handler
                0x080002f0        0x2 CMakeFiles/STM32L4_I2C_DMA_debug.dir/Core/Startup/startup_stm32l4a6zgtx.s.obj
                0x080002f0                RTC_Alarm_IRQHandler
                0x080002f0                HASH_RNG_IRQHandler
                0x080002f0                EXTI2_IRQHandler
                0x080002f0                TIM8_TRG_COM_IRQHandler
                0x080002f0                TIM8_CC_IRQHandler
                0x080002f0                TIM1_CC_IRQHandler
                0x080002f0                TSC_IRQHandler
                0x080002f0                TAMP_STAMP_IRQHandler
                0x080002f0                CAN2_RX1_IRQHandler
                0x080002f0                EXTI3_IRQHandler
                0x080002f0                LPTIM2_IRQHandler
                0x080002f0                DFSDM1_FLT1_IRQHandler
                0x080002f0                I2C3_ER_IRQHandler
                0x080002f0                DFSDM1_FLT2_IRQHandler
                0x080002f0                EXTI0_IRQHandler
                0x080002f0                CAN1_RX0_IRQHandler
                0x080002f0                FPU_IRQHandler
                0x080002f0                TIM1_UP_TIM16_IRQHandler
                0x080002f0                CAN2_SCE_IRQHandler
                0x080002f0                ADC1_2_IRQHandler
                0x080002f0                SPI1_IRQHandler
                0x080002f0                TIM6_DAC_IRQHandler
                0x080002f0                DCMI_IRQHandler
                0x080002f0                CAN2_RX0_IRQHandler
                0x080002f0                TIM8_UP_IRQHandler
                0x080002f0                DMA2_Channel2_IRQHandler
                0x080002f0                SAI2_IRQHandler
                0x080002f0                DFSDM1_FLT3_IRQHandler
                0x080002f0                USART3_IRQHandler
                0x080002f0                CAN1_RX1_IRQHandler
                0x080002f0                LCD_IRQHandler
                0x080002f0                UART5_IRQHandler
                0x080002f0                ADC3_IRQHandler
                0x080002f0                TIM4_IRQHandler
                0x080002f0                DMA2_Channel1_IRQHandler
                0x080002f0                QUADSPI_IRQHandler
                0x080002f0                UART4_IRQHandler
                0x080002f0                DMA2_Channel4_IRQHandler
                0x080002f0                TIM3_IRQHandler
                0x080002f0                RCC_IRQHandler
                0x080002f0                DMA1_Channel1_IRQHandler
                0x080002f0                Default_Handler
                0x080002f0                DMA2_Channel7_IRQHandler
                0x080002f0                EXTI15_10_IRQHandler
                0x080002f0                TIM7_IRQHandler
                0x080002f0                SDMMC1_IRQHandler
                0x080002f0                CAN2_TX_IRQHandler
                0x080002f0                TIM5_IRQHandler
                0x080002f0                I2C3_EV_IRQHandler
                0x080002f0                EXTI9_5_IRQHandler
                0x080002f0                RTC_WKUP_IRQHandler
                0x080002f0                PVD_PVM_IRQHandler
                0x080002f0                SPI2_IRQHandler
                0x080002f0                CAN1_TX_IRQHandler
                0x080002f0                DMA2_Channel5_IRQHandler
                0x080002f0                CRS_IRQHandler
                0x080002f0                EXTI4_IRQHandler
                0x080002f0                TIM1_TRG_COM_TIM17_IRQHandler
                0x080002f0                DMA1_Channel3_IRQHandler
                0x080002f0                COMP_IRQHandler
                0x080002f0                WWDG_IRQHandler
                0x080002f0                I2C4_EV_IRQHandler
                0x080002f0                LPUART1_IRQHandler
                0x080002f0                DMA2_Channel6_IRQHandler
                0x080002f0                TIM2_IRQHandler
                0x080002f0                DMA2D_IRQHandler
                0x080002f0                EXTI1_IRQHandler
                0x080002f0                AES_IRQHandler
                0x080002f0                USART2_IRQHandler
                0x080002f0                DFSDM1_FLT0_IRQHandler
                0x080002f0                DMA1_Channel2_IRQHandler
                0x080002f0                TIM8_BRK_IRQHandler
                0x080002f0                CAN1_SCE_IRQHandler
                0x080002f0                FLASH_IRQHandler
                0x080002f0                USART1_IRQHandler
                0x080002f0                OTG_FS_IRQHandler
                0x080002f0                SPI3_IRQHandler
                0x080002f0                FMC_IRQHandler
                0x080002f0                SWPMI1_IRQHandler
                0x080002f0                LPTIM1_IRQHandler
                0x080002f0                I2C4_ER_IRQHandler
                0x080002f0                SAI1_IRQHandler
                0x080002f0                DMA2_Channel3_IRQHandler
                0x080002f0                TIM1_BRK_TIM15_IRQHandler
 .text.NVIC_EncodePriority
                0x080002f2       0x3e CMakeFiles/STM32L4_I2C_DMA_debug.dir/Core/Src/main.c.obj
 .text.MX_DMA_Init
                0x08000330       0x9c CMakeFiles/STM32L4_I2C_DMA_debug.dir/Core/Src/main.c.obj
 .text.MX_GPIO_Init
                0x080003cc       0x5c CMakeFiles/STM32L4_I2C_DMA_debug.dir/Core/Src/main.c.obj
 .text.I2C1_Master_Transmit_DMA
                0x08000428       0x60 CMakeFiles/STM32L4_I2C_DMA_debug.dir/Core/Src/main.c.obj
                0x08000428                I2C1_Master_Transmit_DMA
 .text.I2C1_Master_Receive_DMA
                0x08000488       0x6c CMakeFiles/STM32L4_I2C_DMA_debug.dir/Core/Src/main.c.obj
                0x08000488                I2C1_Master_Receive_DMA
 .text.I2C2_Slave_Init
                0x080004f4       0x24 CMakeFiles/STM32L4_I2C_DMA_debug.dir/Core/Src/main.c.obj
                0x080004f4                I2C2_Slave_Init
 .text.I2C2_Slave_Receive_DMA_Setup
                0x08000518       0x3c CMakeFiles/STM32L4_I2C_DMA_debug.dir/Core/Src/main.c.obj
                0x08000518                I2C2_Slave_Receive_DMA_Setup
 .text.I2C2_Slave_Transmit_DMA_Setup
                0x08000554       0x3c CMakeFiles/STM32L4_I2C_DMA_debug.dir/Core/Src/main.c.obj
                0x08000554                I2C2_Slave_Transmit_DMA_Setup
 .text.DMA1_Channel4_IRQHandler
                0x08000590       0x2c CMakeFiles/STM32L4_I2C_DMA_debug.dir/Core/Src/main.c.obj
                0x08000590                DMA1_Channel4_IRQHandler
 .text.DMA1_Channel5_IRQHandler
                0x080005bc       0x2c CMakeFiles/STM32L4_I2C_DMA_debug.dir/Core/Src/main.c.obj
                0x080005bc                DMA1_Channel5_IRQHandler
 .text.DMA1_Channel6_IRQHandler
                0x080005e8       0x2c CMakeFiles/STM32L4_I2C_DMA_debug.dir/Core/Src/main.c.obj
                0x080005e8                DMA1_Channel6_IRQHandler
 .text.DMA1_Channel7_IRQHandler
                0x08000614       0x30 CMakeFiles/STM32L4_I2C_DMA_debug.dir/Core/Src/main.c.obj
                0x08000614                DMA1_Channel7_IRQHandler
 .text.I2C1_EV_IRQHandler
                0x08000644        0x2 CMakeFiles/STM32L4_I2C_DMA_debug.dir/Core/Src/main.c.obj
                0x08000644                I2C1_EV_IRQHandler
 *fill*         0x08000646        0x2 
 .text.I2C2_EV_IRQHandler
                0x08000648       0x6c CMakeFiles/STM32L4_I2C_DMA_debug.dir/Core/Src/main.c.obj
                0x08000648                I2C2_EV_IRQHandler
 .text.I2C1_ER_IRQHandler
                0x080006b4        0x2 CMakeFiles/STM32L4_I2C_DMA_debug.dir/Core/Src/main.c.obj
                0x080006b4                I2C1_ER_IRQHandler
 .text.I2C2_ER_IRQHandler
                0x080006b6        0x2 CMakeFiles/STM32L4_I2C_DMA_debug.dir/Core/Src/main.c.obj
                0x080006b6                I2C2_ER_IRQHandler
 .text.Error_Handler
                0x080006b8        0x4 CMakeFiles/STM32L4_I2C_DMA_debug.dir/Core/Src/main.c.obj
                0x080006b8                Error_Handler
 .text.MX_I2C1_Init
                0x080006bc      0x218 CMakeFiles/STM32L4_I2C_DMA_debug.dir/Core/Src/main.c.obj
 .text.MX_I2C2_Init
                0x080008d4      0x1fc CMakeFiles/STM32L4_I2C_DMA_debug.dir/Core/Src/main.c.obj
 .text.SystemClock_Config
                0x08000ad0       0x7a CMakeFiles/STM32L4_I2C_DMA_debug.dir/Core/Src/main.c.obj
                0x08000ad0                SystemClock_Config
 *fill*         0x08000b4a        0x2 
 .text.main     0x08000b4c      0x104 CMakeFiles/STM32L4_I2C_DMA_debug.dir/Core/Src/main.c.obj
                0x08000b4c                main
 .text.HAL_MspInit
                0x08000c50       0x30 CMakeFiles/STM32L4_I2C_DMA_debug.dir/Core/Src/stm32l4xx_hal_msp.c.obj
                0x08000c50                HAL_MspInit
 .text.NMI_Handler
                0x08000c80        0x2 CMakeFiles/STM32L4_I2C_DMA_debug.dir/Core/Src/stm32l4xx_it.c.obj
                0x08000c80                NMI_Handler
 .text.HardFault_Handler
                0x08000c82        0x2 CMakeFiles/STM32L4_I2C_DMA_debug.dir/Core/Src/stm32l4xx_it.c.obj
                0x08000c82                HardFault_Handler
 .text.MemManage_Handler
                0x08000c84        0x2 CMakeFiles/STM32L4_I2C_DMA_debug.dir/Core/Src/stm32l4xx_it.c.obj
                0x08000c84                MemManage_Handler
 .text.BusFault_Handler
                0x08000c86        0x2 CMakeFiles/STM32L4_I2C_DMA_debug.dir/Core/Src/stm32l4xx_it.c.obj
                0x08000c86                BusFault_Handler
 .text.UsageFault_Handler
                0x08000c88        0x2 CMakeFiles/STM32L4_I2C_DMA_debug.dir/Core/Src/stm32l4xx_it.c.obj
                0x08000c88                UsageFault_Handler
 .text.SVC_Handler
                0x08000c8a        0x2 CMakeFiles/STM32L4_I2C_DMA_debug.dir/Core/Src/stm32l4xx_it.c.obj
                0x08000c8a                SVC_Handler
 .text.DebugMon_Handler
                0x08000c8c        0x2 CMakeFiles/STM32L4_I2C_DMA_debug.dir/Core/Src/stm32l4xx_it.c.obj
                0x08000c8c                DebugMon_Handler
 .text.PendSV_Handler
                0x08000c8e        0x2 CMakeFiles/STM32L4_I2C_DMA_debug.dir/Core/Src/stm32l4xx_it.c.obj
                0x08000c8e                PendSV_Handler
 .text.SysTick_Handler
                0x08000c90        0x8 CMakeFiles/STM32L4_I2C_DMA_debug.dir/Core/Src/stm32l4xx_it.c.obj
                0x08000c90                SysTick_Handler
 .text.SystemInit
                0x08000c98       0x14 CMakeFiles/STM32L4_I2C_DMA_debug.dir/Core/Src/system_stm32l4xx.c.obj
                0x08000c98                SystemInit
 .text.HAL_InitTick
                0x08000cac       0x50 CMakeFiles/STM32L4_I2C_DMA_debug.dir/Drivers/STM32L4xx_HAL_Driver/Src/stm32l4xx_hal.c.obj
                0x08000cac                HAL_InitTick
 .text.HAL_Init
                0x08000cfc       0x1e CMakeFiles/STM32L4_I2C_DMA_debug.dir/Drivers/STM32L4xx_HAL_Driver/Src/stm32l4xx_hal.c.obj
                0x08000cfc                HAL_Init
 *fill*         0x08000d1a        0x2 
 .text.HAL_IncTick
                0x08000d1c       0x18 CMakeFiles/STM32L4_I2C_DMA_debug.dir/Drivers/STM32L4xx_HAL_Driver/Src/stm32l4xx_hal.c.obj
                0x08000d1c                HAL_IncTick
 .text.HAL_GetTick
                0x08000d34        0xc CMakeFiles/STM32L4_I2C_DMA_debug.dir/Drivers/STM32L4xx_HAL_Driver/Src/stm32l4xx_hal.c.obj
                0x08000d34                HAL_GetTick
 .text.__NVIC_SetPriority
                0x08000d40       0x28 CMakeFiles/STM32L4_I2C_DMA_debug.dir/Drivers/STM32L4xx_HAL_Driver/Src/stm32l4xx_hal_cortex.c.obj
 .text.NVIC_EncodePriority
                0x08000d68       0x3e CMakeFiles/STM32L4_I2C_DMA_debug.dir/Drivers/STM32L4xx_HAL_Driver/Src/stm32l4xx_hal_cortex.c.obj
 *fill*         0x08000da6        0x2 
 .text.HAL_NVIC_SetPriorityGrouping
                0x08000da8       0x24 CMakeFiles/STM32L4_I2C_DMA_debug.dir/Drivers/STM32L4xx_HAL_Driver/Src/stm32l4xx_hal_cortex.c.obj
                0x08000da8                HAL_NVIC_SetPriorityGrouping
 .text.HAL_NVIC_SetPriority
                0x08000dcc       0x20 CMakeFiles/STM32L4_I2C_DMA_debug.dir/Drivers/STM32L4xx_HAL_Driver/Src/stm32l4xx_hal_cortex.c.obj
                0x08000dcc                HAL_NVIC_SetPriority
 .text.HAL_SYSTICK_Config
                0x08000dec       0x28 CMakeFiles/STM32L4_I2C_DMA_debug.dir/Drivers/STM32L4xx_HAL_Driver/Src/stm32l4xx_hal_cortex.c.obj
                0x08000dec                HAL_SYSTICK_Config
 .text.HAL_PWREx_GetVoltageRange
                0x08000e14       0x10 CMakeFiles/STM32L4_I2C_DMA_debug.dir/Drivers/STM32L4xx_HAL_Driver/Src/stm32l4xx_hal_pwr_ex.c.obj
                0x08000e14                HAL_PWREx_GetVoltageRange
 .text.HAL_PWREx_ControlVoltageScaling
                0x08000e24       0x90 CMakeFiles/STM32L4_I2C_DMA_debug.dir/Drivers/STM32L4xx_HAL_Driver/Src/stm32l4xx_hal_pwr_ex.c.obj
                0x08000e24                HAL_PWREx_ControlVoltageScaling
 .text.RCC_SetFlashLatencyFromMSIRange
                0x08000eb4       0x90 CMakeFiles/STM32L4_I2C_DMA_debug.dir/Drivers/STM32L4xx_HAL_Driver/Src/stm32l4xx_hal_rcc.c.obj
 .text.HAL_RCC_GetSysClockFreq
                0x08000f44       0xb4 CMakeFiles/STM32L4_I2C_DMA_debug.dir/Drivers/STM32L4xx_HAL_Driver/Src/stm32l4xx_hal_rcc.c.obj
                0x08000f44                HAL_RCC_GetSysClockFreq
 .text.HAL_RCC_OscConfig
                0x08000ff8      0x67c CMakeFiles/STM32L4_I2C_DMA_debug.dir/Drivers/STM32L4xx_HAL_Driver/Src/stm32l4xx_hal_rcc.c.obj
                0x08000ff8                HAL_RCC_OscConfig
 .text.HAL_RCC_ClockConfig
                0x08001674      0x188 CMakeFiles/STM32L4_I2C_DMA_debug.dir/Drivers/STM32L4xx_HAL_Driver/Src/stm32l4xx_hal_rcc.c.obj
                0x08001674                HAL_RCC_ClockConfig
 .text.RCCEx_PLLSAI1_Config
                0x080017fc      0x170 CMakeFiles/STM32L4_I2C_DMA_debug.dir/Drivers/STM32L4xx_HAL_Driver/Src/stm32l4xx_hal_rcc_ex.c.obj
 .text.RCCEx_PLLSAI2_Config
                0x0800196c      0x148 CMakeFiles/STM32L4_I2C_DMA_debug.dir/Drivers/STM32L4xx_HAL_Driver/Src/stm32l4xx_hal_rcc_ex.c.obj
 .text.HAL_RCCEx_PeriphCLKConfig
                0x08001ab4      0x470 CMakeFiles/STM32L4_I2C_DMA_debug.dir/Drivers/STM32L4xx_HAL_Driver/Src/stm32l4xx_hal_rcc_ex.c.obj
                0x08001ab4                HAL_RCCEx_PeriphCLKConfig
 .text.LL_GPIO_SetPinMode
                0x08001f24       0x3c CMakeFiles/STM32L4_I2C_DMA_debug.dir/Drivers/STM32L4xx_HAL_Driver/Src/stm32l4xx_ll_gpio.c.obj
 .text.LL_GPIO_SetPinSpeed
                0x08001f60       0x3c CMakeFiles/STM32L4_I2C_DMA_debug.dir/Drivers/STM32L4xx_HAL_Driver/Src/stm32l4xx_ll_gpio.c.obj
 .text.LL_GPIO_SetPinPull
                0x08001f9c       0x3c CMakeFiles/STM32L4_I2C_DMA_debug.dir/Drivers/STM32L4xx_HAL_Driver/Src/stm32l4xx_ll_gpio.c.obj
 .text.LL_GPIO_SetAFPin_0_7
                0x08001fd8       0x3c CMakeFiles/STM32L4_I2C_DMA_debug.dir/Drivers/STM32L4xx_HAL_Driver/Src/stm32l4xx_ll_gpio.c.obj
 .text.LL_GPIO_SetAFPin_8_15
                0x08002014       0x3e CMakeFiles/STM32L4_I2C_DMA_debug.dir/Drivers/STM32L4xx_HAL_Driver/Src/stm32l4xx_ll_gpio.c.obj
 .text.LL_GPIO_Init
                0x08002052       0x88 CMakeFiles/STM32L4_I2C_DMA_debug.dir/Drivers/STM32L4xx_HAL_Driver/Src/stm32l4xx_ll_gpio.c.obj
                0x08002052                LL_GPIO_Init
 .text.LL_I2C_Init
                0x080020da       0x6c CMakeFiles/STM32L4_I2C_DMA_debug.dir/Drivers/STM32L4xx_HAL_Driver/Src/stm32l4xx_ll_i2c.c.obj
                0x080020da                LL_I2C_Init
 .text.LL_mDelay
                0x08002146       0x2a CMakeFiles/STM32L4_I2C_DMA_debug.dir/Drivers/STM32L4xx_HAL_Driver/Src/stm32l4xx_ll_utils.c.obj
                0x08002146                LL_mDelay
 *(.glue_7)
 .glue_7        0x08002170        0x0 linker stubs
 *(.glue_7t)
 .glue_7t       0x08002170        0x0 linker stubs
 *(.eh_frame)
 .eh_frame      0x08002170        0x0 /usr/bin/../lib/gcc/arm-none-eabi/13.3.1/thumb/v7e-m+fp/hard/crtbegin.o
 *(.init)
 .init          0x08002170        0x4 /usr/bin/../lib/gcc/arm-none-eabi/13.3.1/thumb/v7e-m+fp/hard/crti.o
                0x08002170                _init
 .init          0x08002174        0x8 /usr/bin/../lib/gcc/arm-none-eabi/13.3.1/thumb/v7e-m+fp/hard/crtn.o
 *(.fini)
 .fini          0x0800217c        0x4 /usr/bin/../lib/gcc/arm-none-eabi/13.3.1/thumb/v7e-m+fp/hard/crti.o
                0x0800217c                _fini
 .fini          0x08002180        0x8 /usr/bin/../lib/gcc/arm-none-eabi/13.3.1/thumb/v7e-m+fp/hard/crtn.o
                0x08002188                        . = ALIGN (0x4)
                0x08002188                        _etext = .

.vfp11_veneer   0x08002188        0x0
 .vfp11_veneer  0x08002188        0x0 linker stubs

.v4_bx          0x08002188        0x0
 .v4_bx         0x08002188        0x0 linker stubs

.iplt           0x08002188        0x0
 .iplt          0x08002188        0x0 /usr/bin/../lib/gcc/arm-none-eabi/13.3.1/thumb/v7e-m+fp/hard/crtbegin.o

.rodata         0x08002188       0x40
                0x08002188                        . = ALIGN (0x4)
 *(.rodata)
 *(.rodata*)
 .rodata.MSIRangeTable
                0x08002188       0x30 CMakeFiles/STM32L4_I2C_DMA_debug.dir/Core/Src/system_stm32l4xx.c.obj
                0x08002188                MSIRangeTable
 .rodata.AHBPrescTable
                0x080021b8       0x10 CMakeFiles/STM32L4_I2C_DMA_debug.dir/Core/Src/system_stm32l4xx.c.obj
                0x080021b8                AHBPrescTable
                0x080021c8                        . = ALIGN (0x4)

.ARM.extab      0x080021c8        0x0
                0x080021c8                        . = ALIGN (0x4)
 *(.ARM.extab* .gnu.linkonce.armextab.*)
                0x080021c8                        . = ALIGN (0x4)

.ARM            0x080021c8        0x8
                0x080021c8                        . = ALIGN (0x4)
                0x080021c8                        __exidx_start = .
 *(.ARM.exidx*)
 .ARM.exidx     0x080021c8        0x8 /usr/bin/../lib/gcc/arm-none-eabi/13.3.1/../../../../arm-none-eabi/lib/thumb/v7e-m+fp/hard/libg_nano.a(libc_a-strlen.o)
                0x080021d0                        __exidx_end = .
                0x080021d0                        . = ALIGN (0x4)

.preinit_array  0x080021d0        0x0
                0x080021d0                        . = ALIGN (0x4)
                0x080021d0                        PROVIDE (__preinit_array_start = .)
 *(.preinit_array*)
                0x080021d0                        PROVIDE (__preinit_array_end = .)
                0x080021d0                        . = ALIGN (0x4)

.init_array     0x080021d0        0x4
                0x080021d0                        . = ALIGN (0x4)
                0x080021d0                        PROVIDE (__init_array_start = .)
 *(SORT_BY_NAME(.init_array.*))
 *(.init_array*)
 .init_array    0x080021d0        0x4 /usr/bin/../lib/gcc/arm-none-eabi/13.3.1/thumb/v7e-m+fp/hard/crtbegin.o
                0x080021d4                        PROVIDE (__init_array_end = .)
                0x080021d4                        . = ALIGN (0x4)

.fini_array     0x080021d4        0x4
                0x080021d4                        . = ALIGN (0x4)
                [!provide]                        PROVIDE (__fini_array_start = .)
 *(SORT_BY_NAME(.fini_array.*))
 *(.fini_array*)
 .fini_array    0x080021d4        0x4 /usr/bin/../lib/gcc/arm-none-eabi/13.3.1/thumb/v7e-m+fp/hard/crtbegin.o
                [!provide]                        PROVIDE (__fini_array_end = .)
                0x080021d8                        . = ALIGN (0x4)
                0x080021d8                        _sidata = LOADADDR (.data)

.rel.dyn        0x080021d8        0x0
 .rel.iplt      0x080021d8        0x0 /usr/bin/../lib/gcc/arm-none-eabi/13.3.1/thumb/v7e-m+fp/hard/crtbegin.o

.data           0x20000000       0x4c load address 0x080021d8
                0x20000000                        . = ALIGN (0x4)
                0x20000000                        _sdata = .
 *(.data)
 *(.data*)
 .data.slave_tx_buffer
                0x20000000       0x20 CMakeFiles/STM32L4_I2C_DMA_debug.dir/Core/Src/main.c.obj
                0x20000000                slave_tx_buffer
 .data.master_tx_buffer
                0x20000020       0x20 CMakeFiles/STM32L4_I2C_DMA_debug.dir/Core/Src/main.c.obj
                0x20000020                master_tx_buffer
 .data.SystemCoreClock
                0x20000040        0x4 CMakeFiles/STM32L4_I2C_DMA_debug.dir/Core/Src/system_stm32l4xx.c.obj
                0x20000040                SystemCoreClock
 .data.uwTickFreq
                0x20000044        0x1 CMakeFiles/STM32L4_I2C_DMA_debug.dir/Drivers/STM32L4xx_HAL_Driver/Src/stm32l4xx_hal.c.obj
                0x20000044                uwTickFreq
 *fill*         0x20000045        0x3 
 .data.uwTickPrio
                0x20000048        0x4 CMakeFiles/STM32L4_I2C_DMA_debug.dir/Drivers/STM32L4xx_HAL_Driver/Src/stm32l4xx_hal.c.obj
                0x20000048                uwTickPrio
 *(.RamFunc)
 *(.RamFunc*)
                0x2000004c                        . = ALIGN (0x4)
                0x2000004c                        _edata = .

.tm_clone_table
                0x2000004c        0x0 load address 0x08002224
 .tm_clone_table
                0x2000004c        0x0 /usr/bin/../lib/gcc/arm-none-eabi/13.3.1/thumb/v7e-m+fp/hard/crtbegin.o
 .tm_clone_table
                0x2000004c        0x0 /usr/bin/../lib/gcc/arm-none-eabi/13.3.1/thumb/v7e-m+fp/hard/crtend.o

.igot.plt       0x2000004c        0x0 load address 0x08002224
 .igot.plt      0x2000004c        0x0 /usr/bin/../lib/gcc/arm-none-eabi/13.3.1/thumb/v7e-m+fp/hard/crtbegin.o
                0x2000004c                        . = ALIGN (0x4)

.bss            0x2000004c       0x64 load address 0x08002224
                0x2000004c                        _sbss = .
                0x2000004c                        __bss_start__ = _sbss
 *(.bss)
 *(.bss*)
 .bss.completed.1
                0x2000004c        0x1 /usr/bin/../lib/gcc/arm-none-eabi/13.3.1/thumb/v7e-m+fp/hard/crtbegin.o
 *fill*         0x2000004d        0x3 
 .bss.object.0  0x20000050       0x18 /usr/bin/../lib/gcc/arm-none-eabi/13.3.1/thumb/v7e-m+fp/hard/crtbegin.o
 .bss.slave_rx_complete
                0x20000068        0x1 CMakeFiles/STM32L4_I2C_DMA_debug.dir/Core/Src/main.c.obj
                0x20000068                slave_rx_complete
 .bss.slave_tx_complete
                0x20000069        0x1 CMakeFiles/STM32L4_I2C_DMA_debug.dir/Core/Src/main.c.obj
                0x20000069                slave_tx_complete
 .bss.master_rx_complete
                0x2000006a        0x1 CMakeFiles/STM32L4_I2C_DMA_debug.dir/Core/Src/main.c.obj
                0x2000006a                master_rx_complete
 .bss.master_tx_complete
                0x2000006b        0x1 CMakeFiles/STM32L4_I2C_DMA_debug.dir/Core/Src/main.c.obj
                0x2000006b                master_tx_complete
 .bss.slave_rx_buffer
                0x2000006c       0x20 CMakeFiles/STM32L4_I2C_DMA_debug.dir/Core/Src/main.c.obj
                0x2000006c                slave_rx_buffer
 .bss.master_rx_buffer
                0x2000008c       0x20 CMakeFiles/STM32L4_I2C_DMA_debug.dir/Core/Src/main.c.obj
                0x2000008c                master_rx_buffer
 .bss.uwTick    0x200000ac        0x4 CMakeFiles/STM32L4_I2C_DMA_debug.dir/Drivers/STM32L4xx_HAL_Driver/Src/stm32l4xx_hal.c.obj
                0x200000ac                uwTick
 *(COMMON)
                0x200000b0                        . = ALIGN (0x4)
                0x200000b0                        _ebss = .
                0x200000b0                        __bss_end__ = _ebss

._user_heap_stack
                0x200000b0      0x600 load address 0x08002224
                0x200000b0                        . = ALIGN (0x8)
                [!provide]                        PROVIDE (end = .)
                0x200000b0                        PROVIDE (_end = .)
                0x200002b0                        . = (. + _Min_Heap_Size)
 *fill*         0x200000b0      0x200 
                0x200006b0                        . = (. + _Min_Stack_Size)
 *fill*         0x200002b0      0x400 
                0x200006b0                        . = ALIGN (0x8)

/DISCARD/
 libc.a(*)
 libm.a(*)
 libgcc.a(*)

.ARM.attributes
                0x00000000       0x30
 *(.ARM.attributes)
 .ARM.attributes
                0x00000000       0x22 /usr/bin/../lib/gcc/arm-none-eabi/13.3.1/thumb/v7e-m+fp/hard/crti.o
 .ARM.attributes
                0x00000022       0x34 /usr/bin/../lib/gcc/arm-none-eabi/13.3.1/thumb/v7e-m+fp/hard/crtbegin.o
 .ARM.attributes
                0x00000056       0x34 /usr/bin/../lib/gcc/arm-none-eabi/13.3.1/../../../../arm-none-eabi/lib/thumb/v7e-m+fp/hard/libc_nano.a(libc_a-init.o)
 .ARM.attributes
                0x0000008a       0x34 /usr/bin/../lib/gcc/arm-none-eabi/13.3.1/../../../../arm-none-eabi/lib/thumb/v7e-m+fp/hard/libc_nano.a(libc_a-memset.o)
 .ARM.attributes
                0x000000be       0x21 CMakeFiles/STM32L4_I2C_DMA_debug.dir/Core/Startup/startup_stm32l4a6zgtx.s.obj
 .ARM.attributes
                0x000000df       0x34 CMakeFiles/STM32L4_I2C_DMA_debug.dir/Core/Src/main.c.obj
 .ARM.attributes
                0x00000113       0x34 CMakeFiles/STM32L4_I2C_DMA_debug.dir/Core/Src/stm32l4xx_hal_msp.c.obj
 .ARM.attributes
                0x00000147       0x34 CMakeFiles/STM32L4_I2C_DMA_debug.dir/Core/Src/stm32l4xx_it.c.obj
 .ARM.attributes
                0x0000017b       0x34 CMakeFiles/STM32L4_I2C_DMA_debug.dir/Core/Src/system_stm32l4xx.c.obj
 .ARM.attributes
                0x000001af       0x34 CMakeFiles/STM32L4_I2C_DMA_debug.dir/Drivers/STM32L4xx_HAL_Driver/Src/stm32l4xx_hal.c.obj
 .ARM.attributes
                0x000001e3       0x34 CMakeFiles/STM32L4_I2C_DMA_debug.dir/Drivers/STM32L4xx_HAL_Driver/Src/stm32l4xx_hal_cortex.c.obj
 .ARM.attributes
                0x00000217       0x34 CMakeFiles/STM32L4_I2C_DMA_debug.dir/Drivers/STM32L4xx_HAL_Driver/Src/stm32l4xx_hal_pwr_ex.c.obj
 .ARM.attributes
                0x0000024b       0x34 CMakeFiles/STM32L4_I2C_DMA_debug.dir/Drivers/STM32L4xx_HAL_Driver/Src/stm32l4xx_hal_rcc.c.obj
 .ARM.attributes
                0x0000027f       0x34 CMakeFiles/STM32L4_I2C_DMA_debug.dir/Drivers/STM32L4xx_HAL_Driver/Src/stm32l4xx_hal_rcc_ex.c.obj
 .ARM.attributes
                0x000002b3       0x34 CMakeFiles/STM32L4_I2C_DMA_debug.dir/Drivers/STM32L4xx_HAL_Driver/Src/stm32l4xx_ll_gpio.c.obj
 .ARM.attributes
                0x000002e7       0x34 CMakeFiles/STM32L4_I2C_DMA_debug.dir/Drivers/STM32L4xx_HAL_Driver/Src/stm32l4xx_ll_i2c.c.obj
 .ARM.attributes
                0x0000031b       0x34 CMakeFiles/STM32L4_I2C_DMA_debug.dir/Drivers/STM32L4xx_HAL_Driver/Src/stm32l4xx_ll_utils.c.obj
 .ARM.attributes
                0x0000034f       0x17 /usr/bin/../lib/gcc/arm-none-eabi/13.3.1/../../../../arm-none-eabi/lib/thumb/v7e-m+fp/hard/libg_nano.a(libc_a-strlen.o)
 .ARM.attributes
                0x00000366       0x34 /usr/bin/../lib/gcc/arm-none-eabi/13.3.1/thumb/v7e-m+fp/hard/crtend.o
 .ARM.attributes
                0x0000039a       0x22 /usr/bin/../lib/gcc/arm-none-eabi/13.3.1/thumb/v7e-m+fp/hard/crtn.o
OUTPUT(STM32L4_I2C_DMA_debug.elf elf32-littlearm)
LOAD linker stubs
LOAD /usr/bin/../lib/gcc/arm-none-eabi/13.3.1/../../../../arm-none-eabi/lib/thumb/v7e-m+fp/hard/libc.a
LOAD /usr/bin/../lib/gcc/arm-none-eabi/13.3.1/../../../../arm-none-eabi/lib/thumb/v7e-m+fp/hard/libm.a
LOAD /usr/bin/../lib/gcc/arm-none-eabi/13.3.1/thumb/v7e-m+fp/hard/libgcc.a

.debug_frame    0x00000000     0x10a0
 .debug_frame   0x00000000       0x2c /usr/bin/../lib/gcc/arm-none-eabi/13.3.1/../../../../arm-none-eabi/lib/thumb/v7e-m+fp/hard/libc_nano.a(libc_a-init.o)
 .debug_frame   0x0000002c       0x20 /usr/bin/../lib/gcc/arm-none-eabi/13.3.1/../../../../arm-none-eabi/lib/thumb/v7e-m+fp/hard/libc_nano.a(libc_a-memset.o)
 .debug_frame   0x0000004c      0x1e4 CMakeFiles/STM32L4_I2C_DMA_debug.dir/Core/Src/main.c.obj
 .debug_frame   0x00000230       0x28 CMakeFiles/STM32L4_I2C_DMA_debug.dir/Core/Src/stm32l4xx_hal_msp.c.obj
 .debug_frame   0x00000258       0xa8 CMakeFiles/STM32L4_I2C_DMA_debug.dir/Core/Src/stm32l4xx_it.c.obj
 .debug_frame   0x00000300       0x30 CMakeFiles/STM32L4_I2C_DMA_debug.dir/Core/Src/system_stm32l4xx.c.obj
 .debug_frame   0x00000330      0x274 CMakeFiles/STM32L4_I2C_DMA_debug.dir/Drivers/STM32L4xx_HAL_Driver/Src/stm32l4xx_hal.c.obj
 .debug_frame   0x000005a4      0x204 CMakeFiles/STM32L4_I2C_DMA_debug.dir/Drivers/STM32L4xx_HAL_Driver/Src/stm32l4xx_hal_cortex.c.obj
 .debug_frame   0x000007a8      0x298 CMakeFiles/STM32L4_I2C_DMA_debug.dir/Drivers/STM32L4xx_HAL_Driver/Src/stm32l4xx_hal_pwr_ex.c.obj
 .debug_frame   0x00000a40      0x19c CMakeFiles/STM32L4_I2C_DMA_debug.dir/Drivers/STM32L4xx_HAL_Driver/Src/stm32l4xx_hal_rcc.c.obj
 .debug_frame   0x00000bdc      0x2a8 CMakeFiles/STM32L4_I2C_DMA_debug.dir/Drivers/STM32L4xx_HAL_Driver/Src/stm32l4xx_hal_rcc_ex.c.obj
 .debug_frame   0x00000e84       0xdc CMakeFiles/STM32L4_I2C_DMA_debug.dir/Drivers/STM32L4xx_HAL_Driver/Src/stm32l4xx_ll_gpio.c.obj
 .debug_frame   0x00000f60       0x4c CMakeFiles/STM32L4_I2C_DMA_debug.dir/Drivers/STM32L4xx_HAL_Driver/Src/stm32l4xx_ll_i2c.c.obj
 .debug_frame   0x00000fac       0xf4 CMakeFiles/STM32L4_I2C_DMA_debug.dir/Drivers/STM32L4xx_HAL_Driver/Src/stm32l4xx_ll_utils.c.obj

.debug_line     0x00000000     0x9729
 .debug_line    0x00000000       0x7a CMakeFiles/STM32L4_I2C_DMA_debug.dir/Core/Startup/startup_stm32l4a6zgtx.s.obj
 .debug_line    0x0000007a     0x1846 CMakeFiles/STM32L4_I2C_DMA_debug.dir/Core/Src/main.c.obj
 .debug_line    0x000018c0      0x631 CMakeFiles/STM32L4_I2C_DMA_debug.dir/Core/Src/stm32l4xx_hal_msp.c.obj
 .debug_line    0x00001ef1      0x6ec CMakeFiles/STM32L4_I2C_DMA_debug.dir/Core/Src/stm32l4xx_it.c.obj
 .debug_line    0x000025dd      0x3b9 CMakeFiles/STM32L4_I2C_DMA_debug.dir/Core/Src/system_stm32l4xx.c.obj
 .debug_line    0x00002996      0x9ec CMakeFiles/STM32L4_I2C_DMA_debug.dir/Drivers/STM32L4xx_HAL_Driver/Src/stm32l4xx_hal.c.obj
 .debug_line    0x00003382      0xb7c CMakeFiles/STM32L4_I2C_DMA_debug.dir/Drivers/STM32L4xx_HAL_Driver/Src/stm32l4xx_hal_cortex.c.obj
 .debug_line    0x00003efe      0xdee CMakeFiles/STM32L4_I2C_DMA_debug.dir/Drivers/STM32L4xx_HAL_Driver/Src/stm32l4xx_hal_pwr_ex.c.obj
 .debug_line    0x00004cec     0x136e CMakeFiles/STM32L4_I2C_DMA_debug.dir/Drivers/STM32L4xx_HAL_Driver/Src/stm32l4xx_hal_rcc.c.obj
 .debug_line    0x0000605a     0x1c44 CMakeFiles/STM32L4_I2C_DMA_debug.dir/Drivers/STM32L4xx_HAL_Driver/Src/stm32l4xx_hal_rcc_ex.c.obj
 .debug_line    0x00007c9e      0xa4a CMakeFiles/STM32L4_I2C_DMA_debug.dir/Drivers/STM32L4xx_HAL_Driver/Src/stm32l4xx_ll_gpio.c.obj
 .debug_line    0x000086e8      0x5b0 CMakeFiles/STM32L4_I2C_DMA_debug.dir/Drivers/STM32L4xx_HAL_Driver/Src/stm32l4xx_ll_i2c.c.obj
 .debug_line    0x00008c98      0xa91 CMakeFiles/STM32L4_I2C_DMA_debug.dir/Drivers/STM32L4xx_HAL_Driver/Src/stm32l4xx_ll_utils.c.obj

.debug_line_str
                0x00000000      0x179
 .debug_line_str
                0x00000000      0x179 CMakeFiles/STM32L4_I2C_DMA_debug.dir/Core/Startup/startup_stm32l4a6zgtx.s.obj
                                 0x95 (size before relaxing)
 .debug_line_str
                0x00000179       0xe4 /usr/bin/../lib/gcc/arm-none-eabi/13.3.1/../../../../arm-none-eabi/lib/thumb/v7e-m+fp/hard/libg_nano.a(libc_a-strlen.o)

.debug_info     0x00000000     0xb617
 .debug_info    0x00000000       0x30 CMakeFiles/STM32L4_I2C_DMA_debug.dir/Core/Startup/startup_stm32l4a6zgtx.s.obj
 .debug_info    0x00000030     0x3a65 CMakeFiles/STM32L4_I2C_DMA_debug.dir/Core/Src/main.c.obj
 .debug_info    0x00003a95      0x317 CMakeFiles/STM32L4_I2C_DMA_debug.dir/Core/Src/stm32l4xx_hal_msp.c.obj
 .debug_info    0x00003dac      0x167 CMakeFiles/STM32L4_I2C_DMA_debug.dir/Core/Src/stm32l4xx_it.c.obj
 .debug_info    0x00003f13      0x5e4 CMakeFiles/STM32L4_I2C_DMA_debug.dir/Core/Src/system_stm32l4xx.c.obj
 .debug_info    0x000044f7      0xc10 CMakeFiles/STM32L4_I2C_DMA_debug.dir/Drivers/STM32L4xx_HAL_Driver/Src/stm32l4xx_hal.c.obj
 .debug_info    0x00005107     0x102a CMakeFiles/STM32L4_I2C_DMA_debug.dir/Drivers/STM32L4xx_HAL_Driver/Src/stm32l4xx_hal_cortex.c.obj
 .debug_info    0x00006131      0xa48 CMakeFiles/STM32L4_I2C_DMA_debug.dir/Drivers/STM32L4xx_HAL_Driver/Src/stm32l4xx_hal_pwr_ex.c.obj
 .debug_info    0x00006b79      0xed4 CMakeFiles/STM32L4_I2C_DMA_debug.dir/Drivers/STM32L4xx_HAL_Driver/Src/stm32l4xx_hal_rcc.c.obj
 .debug_info    0x00007a4d     0x150b CMakeFiles/STM32L4_I2C_DMA_debug.dir/Drivers/STM32L4xx_HAL_Driver/Src/stm32l4xx_hal_rcc_ex.c.obj
 .debug_info    0x00008f58      0xd94 CMakeFiles/STM32L4_I2C_DMA_debug.dir/Drivers/STM32L4xx_HAL_Driver/Src/stm32l4xx_ll_gpio.c.obj
 .debug_info    0x00009cec      0x8d1 CMakeFiles/STM32L4_I2C_DMA_debug.dir/Drivers/STM32L4xx_HAL_Driver/Src/stm32l4xx_ll_i2c.c.obj
 .debug_info    0x0000a5bd     0x105a CMakeFiles/STM32L4_I2C_DMA_debug.dir/Drivers/STM32L4xx_HAL_Driver/Src/stm32l4xx_ll_utils.c.obj

.debug_abbrev   0x00000000     0x1c34
 .debug_abbrev  0x00000000       0x24 CMakeFiles/STM32L4_I2C_DMA_debug.dir/Core/Startup/startup_stm32l4a6zgtx.s.obj
 .debug_abbrev  0x00000024      0x44a CMakeFiles/STM32L4_I2C_DMA_debug.dir/Core/Src/main.c.obj
 .debug_abbrev  0x0000046e       0xf0 CMakeFiles/STM32L4_I2C_DMA_debug.dir/Core/Src/stm32l4xx_hal_msp.c.obj
 .debug_abbrev  0x0000055e       0xb7 CMakeFiles/STM32L4_I2C_DMA_debug.dir/Core/Src/stm32l4xx_it.c.obj
 .debug_abbrev  0x00000615      0x120 CMakeFiles/STM32L4_I2C_DMA_debug.dir/Core/Src/system_stm32l4xx.c.obj
 .debug_abbrev  0x00000735      0x269 CMakeFiles/STM32L4_I2C_DMA_debug.dir/Drivers/STM32L4xx_HAL_Driver/Src/stm32l4xx_hal.c.obj
 .debug_abbrev  0x0000099e      0x392 CMakeFiles/STM32L4_I2C_DMA_debug.dir/Drivers/STM32L4xx_HAL_Driver/Src/stm32l4xx_hal_cortex.c.obj
 .debug_abbrev  0x00000d30      0x217 CMakeFiles/STM32L4_I2C_DMA_debug.dir/Drivers/STM32L4xx_HAL_Driver/Src/stm32l4xx_hal_pwr_ex.c.obj
 .debug_abbrev  0x00000f47      0x2ad CMakeFiles/STM32L4_I2C_DMA_debug.dir/Drivers/STM32L4xx_HAL_Driver/Src/stm32l4xx_hal_rcc.c.obj
 .debug_abbrev  0x000011f4      0x2aa CMakeFiles/STM32L4_I2C_DMA_debug.dir/Drivers/STM32L4xx_HAL_Driver/Src/stm32l4xx_hal_rcc_ex.c.obj
 .debug_abbrev  0x0000149e      0x2cc CMakeFiles/STM32L4_I2C_DMA_debug.dir/Drivers/STM32L4xx_HAL_Driver/Src/stm32l4xx_ll_gpio.c.obj
 .debug_abbrev  0x0000176a      0x1ea CMakeFiles/STM32L4_I2C_DMA_debug.dir/Drivers/STM32L4xx_HAL_Driver/Src/stm32l4xx_ll_i2c.c.obj
 .debug_abbrev  0x00001954      0x2e0 CMakeFiles/STM32L4_I2C_DMA_debug.dir/Drivers/STM32L4xx_HAL_Driver/Src/stm32l4xx_ll_utils.c.obj

.debug_aranges  0x00000000      0x788
 .debug_aranges
                0x00000000       0x28 CMakeFiles/STM32L4_I2C_DMA_debug.dir/Core/Startup/startup_stm32l4a6zgtx.s.obj
 .debug_aranges
                0x00000028       0xc0 CMakeFiles/STM32L4_I2C_DMA_debug.dir/Core/Src/main.c.obj
 .debug_aranges
                0x000000e8       0x20 CMakeFiles/STM32L4_I2C_DMA_debug.dir/Core/Src/stm32l4xx_hal_msp.c.obj
 .debug_aranges
                0x00000108       0x60 CMakeFiles/STM32L4_I2C_DMA_debug.dir/Core/Src/stm32l4xx_it.c.obj
 .debug_aranges
                0x00000168       0x28 CMakeFiles/STM32L4_I2C_DMA_debug.dir/Core/Src/system_stm32l4xx.c.obj
 .debug_aranges
                0x00000190      0x130 CMakeFiles/STM32L4_I2C_DMA_debug.dir/Drivers/STM32L4xx_HAL_Driver/Src/stm32l4xx_hal.c.obj
 .debug_aranges
                0x000002c0       0xf0 CMakeFiles/STM32L4_I2C_DMA_debug.dir/Drivers/STM32L4xx_HAL_Driver/Src/stm32l4xx_hal_cortex.c.obj
 .debug_aranges
                0x000003b0      0x150 CMakeFiles/STM32L4_I2C_DMA_debug.dir/Drivers/STM32L4xx_HAL_Driver/Src/stm32l4xx_hal_pwr_ex.c.obj
 .debug_aranges
                0x00000500       0x90 CMakeFiles/STM32L4_I2C_DMA_debug.dir/Drivers/STM32L4xx_HAL_Driver/Src/stm32l4xx_hal_rcc.c.obj
 .debug_aranges
                0x00000590      0x108 CMakeFiles/STM32L4_I2C_DMA_debug.dir/Drivers/STM32L4xx_HAL_Driver/Src/stm32l4xx_hal_rcc_ex.c.obj
 .debug_aranges
                0x00000698       0x58 CMakeFiles/STM32L4_I2C_DMA_debug.dir/Drivers/STM32L4xx_HAL_Driver/Src/stm32l4xx_ll_gpio.c.obj
 .debug_aranges
                0x000006f0       0x30 CMakeFiles/STM32L4_I2C_DMA_debug.dir/Drivers/STM32L4xx_HAL_Driver/Src/stm32l4xx_ll_i2c.c.obj
 .debug_aranges
                0x00000720       0x68 CMakeFiles/STM32L4_I2C_DMA_debug.dir/Drivers/STM32L4xx_HAL_Driver/Src/stm32l4xx_ll_utils.c.obj

.debug_str      0x00000000   0x100ca7
 .debug_str     0x00000000   0x100ca7 CMakeFiles/STM32L4_I2C_DMA_debug.dir/Core/Startup/startup_stm32l4a6zgtx.s.obj
                                 0xb1 (size before relaxing)
 .debug_str     0x00100ca7    0xfed95 CMakeFiles/STM32L4_I2C_DMA_debug.dir/Core/Src/main.c.obj
 .debug_str     0x00100ca7    0xfa7c5 CMakeFiles/STM32L4_I2C_DMA_debug.dir/Core/Src/stm32l4xx_hal_msp.c.obj
 .debug_str     0x00100ca7    0xfa6f1 CMakeFiles/STM32L4_I2C_DMA_debug.dir/Core/Src/stm32l4xx_it.c.obj
 .debug_str     0x00100ca7    0xaaf76 CMakeFiles/STM32L4_I2C_DMA_debug.dir/Core/Src/system_stm32l4xx.c.obj
 .debug_str     0x00100ca7    0xed9f9 CMakeFiles/STM32L4_I2C_DMA_debug.dir/Drivers/STM32L4xx_HAL_Driver/Src/stm32l4xx_hal.c.obj
 .debug_str     0x00100ca7    0xed6cc CMakeFiles/STM32L4_I2C_DMA_debug.dir/Drivers/STM32L4xx_HAL_Driver/Src/stm32l4xx_hal_cortex.c.obj
 .debug_str     0x00100ca7    0xed332 CMakeFiles/STM32L4_I2C_DMA_debug.dir/Drivers/STM32L4xx_HAL_Driver/Src/stm32l4xx_hal_pwr_ex.c.obj
 .debug_str     0x00100ca7    0xed430 CMakeFiles/STM32L4_I2C_DMA_debug.dir/Drivers/STM32L4xx_HAL_Driver/Src/stm32l4xx_hal_rcc.c.obj
 .debug_str     0x00100ca7    0xed7cb CMakeFiles/STM32L4_I2C_DMA_debug.dir/Drivers/STM32L4xx_HAL_Driver/Src/stm32l4xx_hal_rcc_ex.c.obj
 .debug_str     0x00100ca7    0xaca8d CMakeFiles/STM32L4_I2C_DMA_debug.dir/Drivers/STM32L4xx_HAL_Driver/Src/stm32l4xx_ll_gpio.c.obj
 .debug_str     0x00100ca7    0xad01d CMakeFiles/STM32L4_I2C_DMA_debug.dir/Drivers/STM32L4xx_HAL_Driver/Src/stm32l4xx_ll_i2c.c.obj
 .debug_str     0x00100ca7    0xb4971 CMakeFiles/STM32L4_I2C_DMA_debug.dir/Drivers/STM32L4xx_HAL_Driver/Src/stm32l4xx_ll_utils.c.obj

.debug_rnglists
                0x00000000      0x75a
 .debug_rnglists
                0x00000000       0x19 CMakeFiles/STM32L4_I2C_DMA_debug.dir/Core/Startup/startup_stm32l4a6zgtx.s.obj
 .debug_rnglists
                0x00000019       0xff CMakeFiles/STM32L4_I2C_DMA_debug.dir/Core/Src/main.c.obj
 .debug_rnglists
                0x00000118       0x13 CMakeFiles/STM32L4_I2C_DMA_debug.dir/Core/Src/stm32l4xx_hal_msp.c.obj
 .debug_rnglists
                0x0000012b       0x43 CMakeFiles/STM32L4_I2C_DMA_debug.dir/Core/Src/stm32l4xx_it.c.obj
 .debug_rnglists
                0x0000016e       0x1a CMakeFiles/STM32L4_I2C_DMA_debug.dir/Core/Src/system_stm32l4xx.c.obj
 .debug_rnglists
                0x00000188       0xdf CMakeFiles/STM32L4_I2C_DMA_debug.dir/Drivers/STM32L4xx_HAL_Driver/Src/stm32l4xx_hal.c.obj
 .debug_rnglists
                0x00000267       0xaf CMakeFiles/STM32L4_I2C_DMA_debug.dir/Drivers/STM32L4xx_HAL_Driver/Src/stm32l4xx_hal_cortex.c.obj
 .debug_rnglists
                0x00000316       0xfd CMakeFiles/STM32L4_I2C_DMA_debug.dir/Drivers/STM32L4xx_HAL_Driver/Src/stm32l4xx_hal_pwr_ex.c.obj
 .debug_rnglists
                0x00000413       0x7c CMakeFiles/STM32L4_I2C_DMA_debug.dir/Drivers/STM32L4xx_HAL_Driver/Src/stm32l4xx_hal_rcc.c.obj
 .debug_rnglists
                0x0000048f       0xdb CMakeFiles/STM32L4_I2C_DMA_debug.dir/Drivers/STM32L4xx_HAL_Driver/Src/stm32l4xx_hal_rcc_ex.c.obj
 .debug_rnglists
                0x0000056a      0x123 CMakeFiles/STM32L4_I2C_DMA_debug.dir/Drivers/STM32L4xx_HAL_Driver/Src/stm32l4xx_ll_gpio.c.obj
 .debug_rnglists
                0x0000068d       0x50 CMakeFiles/STM32L4_I2C_DMA_debug.dir/Drivers/STM32L4xx_HAL_Driver/Src/stm32l4xx_ll_i2c.c.obj
 .debug_rnglists
                0x000006dd       0x7d CMakeFiles/STM32L4_I2C_DMA_debug.dir/Drivers/STM32L4xx_HAL_Driver/Src/stm32l4xx_ll_utils.c.obj

.debug_loclists
                0x00000000     0x4aad
 .debug_loclists
                0x00000000     0x1232 CMakeFiles/STM32L4_I2C_DMA_debug.dir/Core/Src/main.c.obj
 .debug_loclists
                0x00001232       0xb5 CMakeFiles/STM32L4_I2C_DMA_debug.dir/Core/Src/system_stm32l4xx.c.obj
 .debug_loclists
                0x000012e7      0x14d CMakeFiles/STM32L4_I2C_DMA_debug.dir/Drivers/STM32L4xx_HAL_Driver/Src/stm32l4xx_hal.c.obj
 .debug_loclists
                0x00001434      0x54d CMakeFiles/STM32L4_I2C_DMA_debug.dir/Drivers/STM32L4xx_HAL_Driver/Src/stm32l4xx_hal_cortex.c.obj
 .debug_loclists
                0x00001981      0x7e9 CMakeFiles/STM32L4_I2C_DMA_debug.dir/Drivers/STM32L4xx_HAL_Driver/Src/stm32l4xx_hal_pwr_ex.c.obj
 .debug_loclists
                0x0000216a      0x583 CMakeFiles/STM32L4_I2C_DMA_debug.dir/Drivers/STM32L4xx_HAL_Driver/Src/stm32l4xx_hal_rcc.c.obj
 .debug_loclists
                0x000026ed     0x15dd CMakeFiles/STM32L4_I2C_DMA_debug.dir/Drivers/STM32L4xx_HAL_Driver/Src/stm32l4xx_hal_rcc_ex.c.obj
 .debug_loclists
                0x00003cca      0x66e CMakeFiles/STM32L4_I2C_DMA_debug.dir/Drivers/STM32L4xx_HAL_Driver/Src/stm32l4xx_ll_gpio.c.obj
 .debug_loclists
                0x00004338      0x207 CMakeFiles/STM32L4_I2C_DMA_debug.dir/Drivers/STM32L4xx_HAL_Driver/Src/stm32l4xx_ll_i2c.c.obj
 .debug_loclists
                0x0000453f      0x56e CMakeFiles/STM32L4_I2C_DMA_debug.dir/Drivers/STM32L4xx_HAL_Driver/Src/stm32l4xx_ll_utils.c.obj

.debug_macro    0x00000000    0x2a681
 .debug_macro   0x00000000      0x2cb CMakeFiles/STM32L4_I2C_DMA_debug.dir/Core/Src/main.c.obj
 .debug_macro   0x000002cb      0xad8 CMakeFiles/STM32L4_I2C_DMA_debug.dir/Core/Src/main.c.obj
 .debug_macro   0x00000da3      0x19b CMakeFiles/STM32L4_I2C_DMA_debug.dir/Core/Src/main.c.obj
 .debug_macro   0x00000f3e       0x2e CMakeFiles/STM32L4_I2C_DMA_debug.dir/Core/Src/main.c.obj
 .debug_macro   0x00000f6c       0x28 CMakeFiles/STM32L4_I2C_DMA_debug.dir/Core/Src/main.c.obj
 .debug_macro   0x00000f94       0x22 CMakeFiles/STM32L4_I2C_DMA_debug.dir/Core/Src/main.c.obj
 .debug_macro   0x00000fb6       0x8e CMakeFiles/STM32L4_I2C_DMA_debug.dir/Core/Src/main.c.obj
 .debug_macro   0x00001044       0x51 CMakeFiles/STM32L4_I2C_DMA_debug.dir/Core/Src/main.c.obj
 .debug_macro   0x00001095      0x103 CMakeFiles/STM32L4_I2C_DMA_debug.dir/Core/Src/main.c.obj
 .debug_macro   0x00001198       0x6a CMakeFiles/STM32L4_I2C_DMA_debug.dir/Core/Src/main.c.obj
 .debug_macro   0x00001202      0x1df CMakeFiles/STM32L4_I2C_DMA_debug.dir/Core/Src/main.c.obj
 .debug_macro   0x000013e1       0x1c CMakeFiles/STM32L4_I2C_DMA_debug.dir/Core/Src/main.c.obj
 .debug_macro   0x000013fd       0x22 CMakeFiles/STM32L4_I2C_DMA_debug.dir/Core/Src/main.c.obj
 .debug_macro   0x0000141f       0xfb CMakeFiles/STM32L4_I2C_DMA_debug.dir/Core/Src/main.c.obj
 .debug_macro   0x0000151a     0x1011 CMakeFiles/STM32L4_I2C_DMA_debug.dir/Core/Src/main.c.obj
 .debug_macro   0x0000252b      0x11f CMakeFiles/STM32L4_I2C_DMA_debug.dir/Core/Src/main.c.obj
 .debug_macro   0x0000264a    0x1c8c1 CMakeFiles/STM32L4_I2C_DMA_debug.dir/Core/Src/main.c.obj
 .debug_macro   0x0001ef0b       0x6d CMakeFiles/STM32L4_I2C_DMA_debug.dir/Core/Src/main.c.obj
 .debug_macro   0x0001ef78     0x38fb CMakeFiles/STM32L4_I2C_DMA_debug.dir/Core/Src/main.c.obj
 .debug_macro   0x00022873      0x190 CMakeFiles/STM32L4_I2C_DMA_debug.dir/Core/Src/main.c.obj
 .debug_macro   0x00022a03       0x5c CMakeFiles/STM32L4_I2C_DMA_debug.dir/Core/Src/main.c.obj
 .debug_macro   0x00022a5f     0x1909 CMakeFiles/STM32L4_I2C_DMA_debug.dir/Core/Src/main.c.obj
 .debug_macro   0x00024368      0x773 CMakeFiles/STM32L4_I2C_DMA_debug.dir/Core/Src/main.c.obj
 .debug_macro   0x00024adb      0x1b9 CMakeFiles/STM32L4_I2C_DMA_debug.dir/Core/Src/main.c.obj
 .debug_macro   0x00024c94      0x202 CMakeFiles/STM32L4_I2C_DMA_debug.dir/Core/Src/main.c.obj
 .debug_macro   0x00024e96      0x26b CMakeFiles/STM32L4_I2C_DMA_debug.dir/Core/Src/main.c.obj
 .debug_macro   0x00025101      0x23d CMakeFiles/STM32L4_I2C_DMA_debug.dir/Core/Src/main.c.obj
 .debug_macro   0x0002533e      0x241 CMakeFiles/STM32L4_I2C_DMA_debug.dir/Core/Src/main.c.obj
 .debug_macro   0x0002557f      0x3ad CMakeFiles/STM32L4_I2C_DMA_debug.dir/Core/Src/main.c.obj
 .debug_macro   0x0002592c       0xe4 CMakeFiles/STM32L4_I2C_DMA_debug.dir/Core/Src/main.c.obj
 .debug_macro   0x00025a10      0x122 CMakeFiles/STM32L4_I2C_DMA_debug.dir/Core/Src/main.c.obj
 .debug_macro   0x00025b32      0x3ef CMakeFiles/STM32L4_I2C_DMA_debug.dir/Core/Src/main.c.obj
 .debug_macro   0x00025f21      0x433 CMakeFiles/STM32L4_I2C_DMA_debug.dir/Core/Src/main.c.obj
 .debug_macro   0x00026354      0x2cb CMakeFiles/STM32L4_I2C_DMA_debug.dir/Core/Src/main.c.obj
 .debug_macro   0x0002661f      0x24d CMakeFiles/STM32L4_I2C_DMA_debug.dir/Core/Src/main.c.obj
 .debug_macro   0x0002686c      0x3f7 CMakeFiles/STM32L4_I2C_DMA_debug.dir/Core/Src/main.c.obj
 .debug_macro   0x00026c63      0x169 CMakeFiles/STM32L4_I2C_DMA_debug.dir/Core/Src/main.c.obj
 .debug_macro   0x00026dcc      0x16a CMakeFiles/STM32L4_I2C_DMA_debug.dir/Core/Src/main.c.obj
 .debug_macro   0x00026f36      0x1f9 CMakeFiles/STM32L4_I2C_DMA_debug.dir/Core/Src/main.c.obj
 .debug_macro   0x0002712f      0x1a6 CMakeFiles/STM32L4_I2C_DMA_debug.dir/Core/Src/main.c.obj
 .debug_macro   0x000272d5      0x98c CMakeFiles/STM32L4_I2C_DMA_debug.dir/Core/Src/main.c.obj
 .debug_macro   0x00027c61       0xa7 CMakeFiles/STM32L4_I2C_DMA_debug.dir/Core/Src/main.c.obj
 .debug_macro   0x00027d08      0x20e CMakeFiles/STM32L4_I2C_DMA_debug.dir/Core/Src/main.c.obj
 .debug_macro   0x00027f16       0x10 CMakeFiles/STM32L4_I2C_DMA_debug.dir/Core/Src/main.c.obj
 .debug_macro   0x00027f26       0x61 CMakeFiles/STM32L4_I2C_DMA_debug.dir/Core/Src/main.c.obj
 .debug_macro   0x00027f87       0x2a CMakeFiles/STM32L4_I2C_DMA_debug.dir/Core/Src/main.c.obj
 .debug_macro   0x00027fb1       0x43 CMakeFiles/STM32L4_I2C_DMA_debug.dir/Core/Src/main.c.obj
 .debug_macro   0x00027ff4       0x34 CMakeFiles/STM32L4_I2C_DMA_debug.dir/Core/Src/main.c.obj
 .debug_macro   0x00028028      0x370 CMakeFiles/STM32L4_I2C_DMA_debug.dir/Core/Src/main.c.obj
 .debug_macro   0x00028398       0x16 CMakeFiles/STM32L4_I2C_DMA_debug.dir/Core/Src/main.c.obj
 .debug_macro   0x000283ae       0x4a CMakeFiles/STM32L4_I2C_DMA_debug.dir/Core/Src/main.c.obj
 .debug_macro   0x000283f8       0x34 CMakeFiles/STM32L4_I2C_DMA_debug.dir/Core/Src/main.c.obj
 .debug_macro   0x0002842c       0x10 CMakeFiles/STM32L4_I2C_DMA_debug.dir/Core/Src/main.c.obj
 .debug_macro   0x0002843c       0x58 CMakeFiles/STM32L4_I2C_DMA_debug.dir/Core/Src/main.c.obj
 .debug_macro   0x00028494       0x8e CMakeFiles/STM32L4_I2C_DMA_debug.dir/Core/Src/main.c.obj
 .debug_macro   0x00028522       0x1c CMakeFiles/STM32L4_I2C_DMA_debug.dir/Core/Src/main.c.obj
 .debug_macro   0x0002853e      0x185 CMakeFiles/STM32L4_I2C_DMA_debug.dir/Core/Src/main.c.obj
 .debug_macro   0x000286c3       0x10 CMakeFiles/STM32L4_I2C_DMA_debug.dir/Core/Src/main.c.obj
 .debug_macro   0x000286d3       0x3c CMakeFiles/STM32L4_I2C_DMA_debug.dir/Core/Src/main.c.obj
 .debug_macro   0x0002870f      0x1fc CMakeFiles/STM32L4_I2C_DMA_debug.dir/Core/Src/stm32l4xx_hal_msp.c.obj
 .debug_macro   0x0002890b      0x206 CMakeFiles/STM32L4_I2C_DMA_debug.dir/Core/Src/stm32l4xx_it.c.obj
 .debug_macro   0x00028b11       0xe0 CMakeFiles/STM32L4_I2C_DMA_debug.dir/Core/Src/system_stm32l4xx.c.obj
 .debug_macro   0x00028bf1      0x1e1 CMakeFiles/STM32L4_I2C_DMA_debug.dir/Drivers/STM32L4xx_HAL_Driver/Src/stm32l4xx_hal.c.obj
 .debug_macro   0x00028dd2      0x193 CMakeFiles/STM32L4_I2C_DMA_debug.dir/Drivers/STM32L4xx_HAL_Driver/Src/stm32l4xx_hal_cortex.c.obj
 .debug_macro   0x00028f65      0x1bd CMakeFiles/STM32L4_I2C_DMA_debug.dir/Drivers/STM32L4xx_HAL_Driver/Src/stm32l4xx_hal_pwr_ex.c.obj
 .debug_macro   0x00029122      0x1d5 CMakeFiles/STM32L4_I2C_DMA_debug.dir/Drivers/STM32L4xx_HAL_Driver/Src/stm32l4xx_hal_rcc.c.obj
 .debug_macro   0x000292f7      0x1c9 CMakeFiles/STM32L4_I2C_DMA_debug.dir/Drivers/STM32L4xx_HAL_Driver/Src/stm32l4xx_hal_rcc_ex.c.obj
 .debug_macro   0x000294c0      0x110 CMakeFiles/STM32L4_I2C_DMA_debug.dir/Drivers/STM32L4xx_HAL_Driver/Src/stm32l4xx_ll_gpio.c.obj
 .debug_macro   0x000295d0      0x163 CMakeFiles/STM32L4_I2C_DMA_debug.dir/Drivers/STM32L4xx_HAL_Driver/Src/stm32l4xx_ll_gpio.c.obj
 .debug_macro   0x00029733      0x110 CMakeFiles/STM32L4_I2C_DMA_debug.dir/Drivers/STM32L4xx_HAL_Driver/Src/stm32l4xx_ll_i2c.c.obj
 .debug_macro   0x00029843      0x247 CMakeFiles/STM32L4_I2C_DMA_debug.dir/Drivers/STM32L4xx_HAL_Driver/Src/stm32l4xx_ll_i2c.c.obj
 .debug_macro   0x00029a8a      0x19e CMakeFiles/STM32L4_I2C_DMA_debug.dir/Drivers/STM32L4xx_HAL_Driver/Src/stm32l4xx_ll_utils.c.obj
 .debug_macro   0x00029c28       0xa1 CMakeFiles/STM32L4_I2C_DMA_debug.dir/Drivers/STM32L4xx_HAL_Driver/Src/stm32l4xx_ll_utils.c.obj
 .debug_macro   0x00029cc9      0x9b8 CMakeFiles/STM32L4_I2C_DMA_debug.dir/Drivers/STM32L4xx_HAL_Driver/Src/stm32l4xx_ll_utils.c.obj

.comment        0x00000000       0x45
 .comment       0x00000000       0x45 CMakeFiles/STM32L4_I2C_DMA_debug.dir/Core/Src/main.c.obj
                                 0x46 (size before relaxing)
 .comment       0x00000045       0x46 CMakeFiles/STM32L4_I2C_DMA_debug.dir/Core/Src/stm32l4xx_hal_msp.c.obj
 .comment       0x00000045       0x46 CMakeFiles/STM32L4_I2C_DMA_debug.dir/Core/Src/stm32l4xx_it.c.obj
 .comment       0x00000045       0x46 CMakeFiles/STM32L4_I2C_DMA_debug.dir/Core/Src/system_stm32l4xx.c.obj
 .comment       0x00000045       0x46 CMakeFiles/STM32L4_I2C_DMA_debug.dir/Drivers/STM32L4xx_HAL_Driver/Src/stm32l4xx_hal.c.obj
 .comment       0x00000045       0x46 CMakeFiles/STM32L4_I2C_DMA_debug.dir/Drivers/STM32L4xx_HAL_Driver/Src/stm32l4xx_hal_cortex.c.obj
 .comment       0x00000045       0x46 CMakeFiles/STM32L4_I2C_DMA_debug.dir/Drivers/STM32L4xx_HAL_Driver/Src/stm32l4xx_hal_pwr_ex.c.obj
 .comment       0x00000045       0x46 CMakeFiles/STM32L4_I2C_DMA_debug.dir/Drivers/STM32L4xx_HAL_Driver/Src/stm32l4xx_hal_rcc.c.obj
 .comment       0x00000045       0x46 CMakeFiles/STM32L4_I2C_DMA_debug.dir/Drivers/STM32L4xx_HAL_Driver/Src/stm32l4xx_hal_rcc_ex.c.obj
 .comment       0x00000045       0x46 CMakeFiles/STM32L4_I2C_DMA_debug.dir/Drivers/STM32L4xx_HAL_Driver/Src/stm32l4xx_ll_gpio.c.obj
 .comment       0x00000045       0x46 CMakeFiles/STM32L4_I2C_DMA_debug.dir/Drivers/STM32L4xx_HAL_Driver/Src/stm32l4xx_ll_i2c.c.obj
 .comment       0x00000045       0x46 CMakeFiles/STM32L4_I2C_DMA_debug.dir/Drivers/STM32L4xx_HAL_Driver/Src/stm32l4xx_ll_utils.c.obj
